// Jest Snapshot v1, https://goo.gl/fbAQLP

exports[`Button Component Test Suite should render the Button 1`] = `
<View
  accessibilityLabel="Press me"
  accessible={true}
  collapsable={false}
  focusable={true}
  onClick={[Function]}
  onResponderGrant={[Function]}
  onResponderMove={[Function]}
  onResponderRelease={[Function]}
  onResponderTerminate={[Function]}
  onResponderTerminationRequest={[Function]}
  onStartShouldSetResponder={[Function]}
  style={
    Object {
      "alignItems": "center",
      "backgroundColor": "#000",
      "borderRadius": 4,
      "height": 50,
      "justifyContent": "center",
      "opacity": 1,
    }
  }
  testID="pressMeButton"
>
  <Text
    style={
      Array [
        Object {
          "color": "#000",
        },
        Object {
          "color": "#fff",
          "fontSize": 16,
          "fontWeight": "bold",
          "textTransform": "uppercase",
        },
      ]
    }
  >
    SUBMIT
  </Text>
</View>
`;
